Running Gradle task 'assembleRelease'...                        
Font asset "MaterialIcons-Regular.otf" was tree-shaken, reducing it from 1645184 to 7572 bytes (99.5% reduction). Tree-shaking can be disabled by providing the --no-tree-shake-icons flag when building your app.
flutter : Note: Some input files use or override a deprecated API.
At line:1 char:32
+ ...  "d:\kill link\skill_link" ; flutter build apk --release 2>&1 | tee b ...
+                                  ~~~~~~~~~~~~~~~~~~~~~~~~~~~~~~~~
    + CategoryInfo          : NotSpecified: (Note: Some inpu...deprecated API.:String) [], Remot 
   eException
    + FullyQualifiedErrorId : NativeCommandError
 
Note: Recompile with -Xlint:deprecation for details.
Running Gradle task 'assembleRelease'...                          195.6s
ΓêÜ Built build\app\outputs\flutter-apk\app-release.apk (55.9MB)
